------------------------------------------------------------
TimeQuest Timing Analyzer Summary
------------------------------------------------------------

Type  : Slow 1100mV 85C Model Setup 'CLOCK_50'
Slack : -2.400
TNS   : -64.378

Type  : Slow 1100mV 85C Model Hold 'CLOCK_50'
Slack : 0.293
TNS   : 0.000

Type  : Slow 1100mV 85C Model Minimum Pulse Width 'CLOCK_50'
Slack : -0.394
TNS   : -21.430

Type  : Slow 1100mV 0C Model Setup 'CLOCK_50'
Slack : -2.298
TNS   : -61.350

Type  : Slow 1100mV 0C Model Hold 'CLOCK_50'
Slack : 0.325
TNS   : 0.000

Type  : Slow 1100mV 0C Model Minimum Pulse Width 'CLOCK_50'
Slack : -0.394
TNS   : -22.188

Type  : Fast 1100mV 85C Model Setup 'CLOCK_50'
Slack : -0.928
TNS   : -22.408

Type  : Fast 1100mV 85C Model Hold 'CLOCK_50'
Slack : 0.191
TNS   : 0.000

Type  : Fast 1100mV 85C Model Minimum Pulse Width 'CLOCK_50'
Slack : -0.061
TNS   : -1.964

Type  : Fast 1100mV 0C Model Setup 'CLOCK_50'
Slack : -0.755
TNS   : -17.879

Type  : Fast 1100mV 0C Model Hold 'CLOCK_50'
Slack : 0.195
TNS   : 0.000

Type  : Fast 1100mV 0C Model Minimum Pulse Width 'CLOCK_50'
Slack : -0.073
TNS   : -2.393

------------------------------------------------------------
