------------------------------------------------------------
TimeQuest Timing Analyzer Summary
------------------------------------------------------------

Type  : Slow 1100mV 85C Model Setup 'FSM_Control:L0|CS.S3'
Slack : -4.573
TNS   : -8.704

Type  : Slow 1100mV 85C Model Setup 'FSM_Control:L0|CS.S0'
Slack : -3.993
TNS   : -7.895

Type  : Slow 1100mV 85C Model Setup 'CLOCK_50'
Slack : -2.170
TNS   : -36.819

Type  : Slow 1100mV 85C Model Hold 'CLOCK_50'
Slack : 0.218
TNS   : 0.000

Type  : Slow 1100mV 85C Model Hold 'FSM_Control:L0|CS.S0'
Slack : 2.525
TNS   : 0.000

Type  : Slow 1100mV 85C Model Hold 'FSM_Control:L0|CS.S3'
Slack : 3.214
TNS   : 0.000

Type  : Slow 1100mV 85C Model Minimum Pulse Width 'CLOCK_50'
Slack : -0.394
TNS   : -17.621

Type  : Slow 1100mV 85C Model Minimum Pulse Width 'FSM_Control:L0|CS.S0'
Slack : 0.350
TNS   : 0.000

Type  : Slow 1100mV 85C Model Minimum Pulse Width 'FSM_Control:L0|CS.S3'
Slack : 0.427
TNS   : 0.000

Type  : Slow 1100mV 0C Model Setup 'FSM_Control:L0|CS.S3'
Slack : -4.569
TNS   : -8.706

Type  : Slow 1100mV 0C Model Setup 'FSM_Control:L0|CS.S0'
Slack : -4.052
TNS   : -7.985

Type  : Slow 1100mV 0C Model Setup 'CLOCK_50'
Slack : -1.919
TNS   : -30.342

Type  : Slow 1100mV 0C Model Hold 'CLOCK_50'
Slack : 0.089
TNS   : 0.000

Type  : Slow 1100mV 0C Model Hold 'FSM_Control:L0|CS.S0'
Slack : 2.538
TNS   : 0.000

Type  : Slow 1100mV 0C Model Hold 'FSM_Control:L0|CS.S3'
Slack : 3.194
TNS   : 0.000

Type  : Slow 1100mV 0C Model Minimum Pulse Width 'CLOCK_50'
Slack : -0.394
TNS   : -18.501

Type  : Slow 1100mV 0C Model Minimum Pulse Width 'FSM_Control:L0|CS.S0'
Slack : 0.358
TNS   : 0.000

Type  : Slow 1100mV 0C Model Minimum Pulse Width 'FSM_Control:L0|CS.S3'
Slack : 0.415
TNS   : 0.000

Type  : Fast 1100mV 85C Model Setup 'FSM_Control:L0|CS.S3'
Slack : -2.561
TNS   : -4.859

Type  : Fast 1100mV 85C Model Setup 'FSM_Control:L0|CS.S0'
Slack : -1.970
TNS   : -3.885

Type  : Fast 1100mV 85C Model Setup 'CLOCK_50'
Slack : -1.664
TNS   : -24.443

Type  : Fast 1100mV 85C Model Hold 'CLOCK_50'
Slack : 0.140
TNS   : 0.000

Type  : Fast 1100mV 85C Model Hold 'FSM_Control:L0|CS.S0'
Slack : 1.699
TNS   : 0.000

Type  : Fast 1100mV 85C Model Hold 'FSM_Control:L0|CS.S3'
Slack : 2.330
TNS   : 0.000

Type  : Fast 1100mV 85C Model Minimum Pulse Width 'CLOCK_50'
Slack : -0.093
TNS   : -2.620

Type  : Fast 1100mV 85C Model Minimum Pulse Width 'FSM_Control:L0|CS.S0'
Slack : 0.438
TNS   : 0.000

Type  : Fast 1100mV 85C Model Minimum Pulse Width 'FSM_Control:L0|CS.S3'
Slack : 0.468
TNS   : 0.000

Type  : Fast 1100mV 0C Model Setup 'FSM_Control:L0|CS.S3'
Slack : -2.470
TNS   : -4.700

Type  : Fast 1100mV 0C Model Setup 'FSM_Control:L0|CS.S0'
Slack : -1.905
TNS   : -3.764

Type  : Fast 1100mV 0C Model Setup 'CLOCK_50'
Slack : -1.227
TNS   : -15.834

Type  : Fast 1100mV 0C Model Hold 'CLOCK_50'
Slack : 0.124
TNS   : 0.000

Type  : Fast 1100mV 0C Model Hold 'FSM_Control:L0|CS.S0'
Slack : 1.686
TNS   : 0.000

Type  : Fast 1100mV 0C Model Hold 'FSM_Control:L0|CS.S3'
Slack : 2.295
TNS   : 0.000

Type  : Fast 1100mV 0C Model Minimum Pulse Width 'CLOCK_50'
Slack : -0.088
TNS   : -2.626

Type  : Fast 1100mV 0C Model Minimum Pulse Width 'FSM_Control:L0|CS.S0'
Slack : 0.435
TNS   : 0.000

Type  : Fast 1100mV 0C Model Minimum Pulse Width 'FSM_Control:L0|CS.S3'
Slack : 0.467
TNS   : 0.000

------------------------------------------------------------
